Collecting numpy (from -r requirements.txt (line 1))
  Downloading numpy-2.4.6-cp311-cp311-manylinux_2_27_x86_64.manylinux_2_28_x86_64.whl.metadata (6.6 kB)
Collecting scipy (from -r requirements.txt (line 2))
  Downloading scipy-1.17.1-cp311-cp311-manylinux_2_27_x86_64.manylinux_2_28_x86_64.whl.metadata (62 kB)
Collecting pandas (from -r requirements.txt (line 3))
  Downloading pandas-3.0.3-cp311-cp311-manylinux_2_24_x86_64.manylinux_2_28_x86_64.whl.metadata (79 kB)
Collecting matplotlib (from -r requirements.txt (line 4))
  Downloading matplotlib-3.10.9-cp311-cp311-manylinux2014_x86_64.manylinux_2_17_x86_64.whl.metadata (52 kB)
Collecting scikit-learn (from -r requirements.txt (line 5))
  Downloading scikit_learn-1.8.0-cp311-cp311-manylinux_2_27_x86_64.manylinux_2_28_x86_64.whl.metadata (11 kB)
Collecting networkx (from -r requirements.txt (line 6))
  Downloading networkx-3.6.1-py3-none-any.whl.metadata (6.8 kB)
Collecting pyyaml (from -r requirements.txt (line 7))
  Downloading pyyaml-6.0.3-cp311-cp311-manylinux2014_x86_64.manylinux_2_17_x86_64.manylinux_2_28_x86_64.whl.metadata (2.4 kB)
Collecting tqdm (from -r requirements.txt (line 8))
  Downloading tqdm-4.67.3-py3-none-any.whl.metadata (57 kB)
Collecting joblib (from -r requirements.txt (line 9))
  Downloading joblib-1.5.3-py3-none-any.whl.metadata (5.5 kB)
Collecting tabulate (from -r requirements.txt (line 10))
  Downloading tabulate-0.10.0-py3-none-any.whl.metadata (40 kB)
Collecting python-dateutil>=2.8.2 (from pandas->-r requirements.txt (line 3))
  Downloading python_dateutil-2.9.0.post0-py2.py3-none-any.whl.metadata (8.4 kB)
Collecting contourpy>=1.0.1 (from matplotlib->-r requirements.txt (line 4))
  Downloading contourpy-1.3.3-cp311-cp311-manylinux_2_27_x86_64.manylinux_2_28_x86_64.whl.metadata (5.5 kB)
Collecting cycler>=0.10 (from matplotlib->-r requirements.txt (line 4))
  Downloading cycler-0.12.1-py3-none-any.whl.metadata (3.8 kB)
Collecting fonttools>=4.22.0 (from matplotlib->-r requirements.txt (line 4))
  Downloading fonttools-4.63.0-cp311-cp311-manylinux2014_x86_64.manylinux_2_17_x86_64.whl.metadata (118 kB)
Collecting kiwisolver>=1.3.1 (from matplotlib->-r requirements.txt (line 4))
  Downloading kiwisolver-1.5.0-cp311-cp311-manylinux2014_x86_64.manylinux_2_17_x86_64.whl.metadata (5.1 kB)
Collecting packaging>=20.0 (from matplotlib->-r requirements.txt (line 4))
  Downloading packaging-26.2-py3-none-any.whl.metadata (3.5 kB)
Collecting pillow>=8 (from matplotlib->-r requirements.txt (line 4))
  Downloading pillow-12.2.0-cp311-cp311-manylinux_2_27_x86_64.manylinux_2_28_x86_64.whl.metadata (8.8 kB)
Collecting pyparsing>=3 (from matplotlib->-r requirements.txt (line 4))
  Downloading pyparsing-3.3.2-py3-none-any.whl.metadata (5.8 kB)
Collecting threadpoolctl>=3.2.0 (from scikit-learn->-r requirements.txt (line 5))
  Downloading threadpoolctl-3.6.0-py3-none-any.whl.metadata (13 kB)
Collecting six>=1.5 (from python-dateutil>=2.8.2->pandas->-r requirements.txt (line 3))
  Downloading six-1.17.0-py2.py3-none-any.whl.metadata (1.7 kB)
Downloading numpy-2.4.6-cp311-cp311-manylinux_2_27_x86_64.manylinux_2_28_x86_64.whl (16.9 MB)
   ━━━━━━━━━━━━━━━━━━━━━━━━━━━━━━━━━━━━━━━━ 16.9/16.9 MB 338.0 MB/s  0:00:00
Downloading scipy-1.17.1-cp311-cp311-manylinux_2_27_x86_64.manylinux_2_28_x86_64.whl (35.3 MB)
   ━━━━━━━━━━━━━━━━━━━━━━━━━━━━━━━━━━━━━━━━ 35.3/35.3 MB 313.0 MB/s  0:00:00
Downloading pandas-3.0.3-cp311-cp311-manylinux_2_24_x86_64.manylinux_2_28_x86_64.whl (11.3 MB)
   ━━━━━━━━━━━━━━━━━━━━━━━━━━━━━━━━━━━━━━━━ 11.3/11.3 MB 252.1 MB/s  0:00:00
Downloading matplotlib-3.10.9-cp311-cp311-manylinux2014_x86_64.manylinux_2_17_x86_64.whl (8.8 MB)
   ━━━━━━━━━━━━━━━━━━━━━━━━━━━━━━━━━━━━━━━━ 8.8/8.8 MB 143.9 MB/s  0:00:00
Downloading scikit_learn-1.8.0-cp311-cp311-manylinux_2_27_x86_64.manylinux_2_28_x86_64.whl (9.1 MB)
   ━━━━━━━━━━━━━━━━━━━━━━━━━━━━━━━━━━━━━━━━ 9.1/9.1 MB 204.3 MB/s  0:00:00
Downloading networkx-3.6.1-py3-none-any.whl (2.1 MB)
   ━━━━━━━━━━━━━━━━━━━━━━━━━━━━━━━━━━━━━━━━ 2.1/2.1 MB 268.3 MB/s  0:00:00
Downloading pyyaml-6.0.3-cp311-cp311-manylinux2014_x86_64.manylinux_2_17_x86_64.manylinux_2_28_x86_64.whl (806 kB)
   ━━━━━━━━━━━━━━━━━━━━━━━━━━━━━━━━━━━━━━━━ 806.6/806.6 kB 136.2 MB/s  0:00:00
Downloading tqdm-4.67.3-py3-none-any.whl (78 kB)
Downloading joblib-1.5.3-py3-none-any.whl (309 kB)
Downloading tabulate-0.10.0-py3-none-any.whl (39 kB)
Downloading contourpy-1.3.3-cp311-cp311-manylinux_2_27_x86_64.manylinux_2_28_x86_64.whl (355 kB)
Downloading cycler-0.12.1-py3-none-any.whl (8.3 kB)
Downloading fonttools-4.63.0-cp311-cp311-manylinux2014_x86_64.manylinux_2_17_x86_64.whl (5.1 MB)
   ━━━━━━━━━━━━━━━━━━━━━━━━━━━━━━━━━━━━━━━━ 5.1/5.1 MB 202.7 MB/s  0:00:00
Downloading kiwisolver-1.5.0-cp311-cp311-manylinux2014_x86_64.manylinux_2_17_x86_64.whl (1.4 MB)
   ━━━━━━━━━━━━━━━━━━━━━━━━━━━━━━━━━━━━━━━━ 1.4/1.4 MB 141.2 MB/s  0:00:00
Downloading packaging-26.2-py3-none-any.whl (100 kB)
Downloading pillow-12.2.0-cp311-cp311-manylinux_2_27_x86_64.manylinux_2_28_x86_64.whl (7.1 MB)
   ━━━━━━━━━━━━━━━━━━━━━━━━━━━━━━━━━━━━━━━━ 7.1/7.1 MB 293.1 MB/s  0:00:00
Downloading pyparsing-3.3.2-py3-none-any.whl (122 kB)
Downloading python_dateutil-2.9.0.post0-py2.py3-none-any.whl (229 kB)
Downloading six-1.17.0-py2.py3-none-any.whl (11 kB)
Downloading threadpoolctl-3.6.0-py3-none-any.whl (18 kB)
Installing collected packages: tqdm, threadpoolctl, tabulate, six, pyyaml, pyparsing, pillow, packaging, numpy, networkx, kiwisolver, joblib, fonttools, cycler, scipy, python-dateutil, contourpy, scikit-learn, pandas, matplotlib

Successfully installed contourpy-1.3.3 cycler-0.12.1 fonttools-4.63.0 joblib-1.5.3 kiwisolver-1.5.0 matplotlib-3.10.9 networkx-3.6.1 numpy-2.4.6 packaging-26.2 pandas-3.0.3 pillow-12.2.0 pyparsing-3.3.2 python-dateutil-2.9.0.post0 pyyaml-6.0.3 scikit-learn-1.8.0 scipy-1.17.1 six-1.17.0 tabulate-0.10.0 threadpoolctl-3.6.0 tqdm-4.67.3
